#-----------------------------------------------------------
# Vivado v2025.1 (64-bit)
# SW Build 6140274 on Thu May 22 00:12:29 MDT 2025
# IP Build 6138677 on Thu May 22 03:10:11 MDT 2025
# SharedData Build 6139179 on Tue May 20 17:58:58 MDT 2025
# Start of session at: Mon Jan 12 16:38:21 2026
# Process ID         : 19112
# Current directory  : C:/Projects/croc_fpga/croc_aging_sensors_obi/croc-main/croc-main/xilinx/scripts
# Command line       : vivado.exe -mode batch -source program_fpga.tcl -tclargs C:\Projects\Vivado\aging_obi\aging_obi.runs\impl_1\croc_xilinx.bit C:\Projects\Vivado\aging_obi\aging_obi.runs\impl_1\croc_xilinx.ltx xcau15p_0
# Log file           : C:/Projects/croc_fpga/croc_aging_sensors_obi/croc-main/croc-main/xilinx/scripts/vivado.log
# Journal file       : C:/Projects/croc_fpga/croc_aging_sensors_obi/croc-main/croc-main/xilinx/scripts\vivado.jou
# Running On         : LucasNogueira
# Platform           : Windows Server 2016 or Windows 10
# Operating System   : 26200
# Processor Detail   : 13th Gen Intel(R) Core(TM) i7-13700H
# CPU Frequency      : 2918 MHz
# CPU Physical cores : 14
# CPU Logical cores  : 20
# Host memory        : 25480 MB
# Swap memory        : 25769 MB
# Total Virtual      : 51250 MB
# Available Virtual  : 15415 MB
#-----------------------------------------------------------
source program_fpga.tcl
